// Jest Snapshot v1, https://goo.gl/fbAQLP

exports[`renders PassengerScreen correctly 1`] = `
<View
  style={
    Object {
      "alignItems": "center",
      "backgroundColor": "#fff",
      "flex": 1,
      "justifyContent": "center",
      "paddingHorizontal": 16,
    }
  }
>
  <QRCodeScanner
    onRead={[Function]}
  />
</View>
`;
